[jolly-prototyper-130303.framer.app/index.html]
[backblue.gif]
[fade.gif]
[index.html]
[framerusercontent.com/images/YW8JPsB3yai7LEo9NHXpRYL9A.png]
[framerusercontent.com/images/0AjXX6KWHcASTNvSwO4r1bSkzQ.png]
[framerusercontent.com/images/MksWAUiDaYtTiUK7BdHvY45cMo17f5.png]
[jolly-prototyper-130303.framer.app/about.html]
[jolly-prototyper-130303.framer.app/blog/novilla-shopify-site.html]
[framerusercontent.com/images/qMIFtTN7C1YhcEvXsUoSvNrBxI.png]
[jolly-prototyper-130303.framer.app/blog/ai-blog-summarizer-app.html]
[framerusercontent.com/images/9EqBxFV6j4iY9BPtqH4dNDNMmsY.png]
[jolly-prototyper-130303.framer.app/projects.html]
[framerusercontent.com/images/TfQ5uvnBsDVaCf2D8hpDwQzRmU.png]
[framerusercontent.com/images/ulBdKJLxjuCLvwrvIRgWhda6gMbf23.png]
[framerusercontent.com/images/HxeJh4yATjEuoALocczRry1edHM.png]
[jolly-prototyper-130303.framer.app/stack.html]
[jolly-prototyper-130303.framer.app/contact.html]
[jolly-prototyper-130303.framer.app/licensing.html]
[jolly-prototyper-130303.framer.app/404.html]
[framerusercontent.com/images/ulBdKJLxjuCLvwrvIRgWhda6gM.png]
[jolly-prototyper-130303.framer.app/index.html]
[jolly-prototyper-130303.framer.app/about.html]
[jolly-prototyper-130303.framer.app/blog/videogame-website-hero.html]
[jolly-prototyper-130303.framer.app/blog/novilla-shopify-site.html]
[framerusercontent.com/images/M9GSgKISW07HYbxVjXbHv98fXI.png]
[jolly-prototyper-130303.framer.app/blog/ai-blog-summarizer-app.html]
[jolly-prototyper-130303.framer.app/blog/fullstack-restaurant-reservation-app.html]
[framerusercontent.com/images/0a71klLgZjUqeITGLpvrVzJdG0.png]
[jolly-prototyper-130303.framer.app/blog/backend-api-project.html]
[framerusercontent.com/images/ciMsTRzQRQgfOvG78IkayStgCHY.png]
[jolly-prototyper-130303.framer.app/projects.html]
[framerusercontent.com/images/W2cmAoTm1KtTawmmfxaV7cOOl5c.png]
[jolly-prototyper-130303.framer.app/stack.html]
[jolly-prototyper-130303.framer.app/contact.html]
[jolly-prototyper-130303.framer.app/licensing.html]
[jolly-prototyper-130303.framer.app/404.html]
[jolly-prototyper-130303.framer.app/blog/videogame-website-hero.html]
[jolly-prototyper-130303.framer.app/blog/fullstack-restaurant-reservation-app.html]
[jolly-prototyper-130303.framer.app/blog/backend-api-project.html]
